<p><br></p><p><br></p><p><br></p><p>  ## Spring Summer Fall Winter ##</p><p><br></p><p><em>こんにちは</em><ruby>開発者<rp>（</rp><rt>デベロッパー</rt><rp>）</rp></ruby>さん。</p><p>もう<ruby>春<rp>（</rp><rt>はる</rt><rp>）</rp></ruby>ですね。</p><p><br></p><p><em><ruby>新<rp>（</rp><rt>あたら</rt><rp>）</rp></ruby>しい<ruby>季節<rp>（</rp><rt>きせつ</rt><rp>）</rp></ruby></em>はいつでも楽しいものです。</p><p><br></p><p>そうですか、<ruby>夏<rp>（</rp><rt>なつ</rt><rp>）</rp></ruby>がお好きですか。</p><p>そちらは<em>まだ先ですね</em>。</p><p><br></p><p>　<ruby>秋<rp>（</rp><rt>あき</rt><rp>）</rp></ruby>も待ち遠しいものです。</p><p><ruby>冬<rp>（</rp><rt>ふゆ</rt><rp>）</rp></ruby>は《《お嫌い》》なのですね。</p><p>｜残念《ざんねん》です。</p><p><br></p><p><br></p><p><ruby>敬具<rp>（</rp><rt>けいぐ</rt><rp>）</rp></ruby></p><p><br></p>